Using API Key ending in: gXuw

Testing Models...
Testing gemini-1.5-flash: Γ¥î FAILED ([GoogleGenerativeAI Error... )
Testing gemini-1.5-flash-latest: Γ¥î FAILED ([GoogleGenerativeAI Error... )
Testing gemini-1.5-flash-001: Γ¥î FAILED ([GoogleGenerativeAI Error... )
Testing gemini-1.5-flash-002: Γ¥î FAILED ([GoogleGenerativeAI Error... )
Testing gemini-pro: Γ¥î FAILED ([GoogleGenerativeAI Error... )
